============================= test session starts =============================
platform win32 -- Python 3.14.6, pytest-9.1.1, pluggy-1.6.0
rootdir: C:\Users\HP\OneDrive\Desktop\.vscode\gen ai\backend
configfile: pyproject.toml
plugins: anyio-4.14.1, langsmith-0.9.2, asyncio-1.4.0
asyncio: mode=Mode.STRICT, debug=False, asyncio_default_fixture_loop_scope=None, asyncio_default_test_loop_scope=function
collected 10 items

scripts\test_auth_ingestion.py ......FFF.                                [100%]

================================== FAILURES ===================================
______________________________ test_corrupt_pdf _______________________________
scripts\test_auth_ingestion.py:194: in test_corrupt_pdf
    assert any(p.get("status") == JobStatus.failed for p in params)
E   assert False
E    +  where False = any(<generator object test_corrupt_pdf.<locals>.<genexpr> at 0x0000029114B052A0>)
------------------------------ Captured log call ------------------------------
ERROR    researchos.pdf_parser:pdf_parser.py:149 Engine catastrophic parsing halt implicitly tracking bounds structurally: Traceback (most recent call last):
  File "C:\Users\HP\AppData\Roaming\Python\Python314\site-packages\pymupdf\__init__.py", line 3009, in __init__
    doc = mupdf.fz_open_document(filename)
  File "C:\Users\HP\AppData\Roaming\Python\Python314\site-packages\pymupdf\mupdf.py", line 50790, in fz_open_document
    return _mupdf.fz_open_document(filename)
           ~~~~~~~~~~~~~~~~~~~~~~~^^^^^^^^^^
pymupdf.mupdf.FzErrorFormat: code=7: no objects found

The above exception was the direct cause of the following exception:

Traceback (most recent call last):
  File "C:\Users\HP\OneDrive\Desktop\.vscode\gen ai\backend\app\services\pdf_parser.py", line 19, in parse_pdf_generator
    doc = fitz.open(file_path)
  File "C:\Users\HP\AppData\Roaming\Python\Python314\site-packages\pymupdf\__init__.py", line 3012, in __init__
    raise FileDataError(f'Failed to open file {filename!r}.') from e
pymupdf.FileDataError: Failed to open file 'C:\\Users\\HP\\AppData\\Local\\Temp\\pytest-of-HP\\pytest-36\\dummy_pdfs0\\corrupt.pdf'.

ERROR    researchos.job_worker:job_worker.py:79 Job d1327fd2-5f1e-432d-bee1-8e12fb18671b failed on attempt 0: Failed to open file 'C:\\Users\\HP\\AppData\\Local\\Temp\\pytest-of-HP\\pytest-36\\dummy_pdfs0\\corrupt.pdf'.
Traceback (most recent call last):
  File "C:\Users\HP\AppData\Roaming\Python\Python314\site-packages\pymupdf\__init__.py", line 3009, in __init__
    doc = mupdf.fz_open_document(filename)
  File "C:\Users\HP\AppData\Roaming\Python\Python314\site-packages\pymupdf\mupdf.py", line 50790, in fz_open_document
    return _mupdf.fz_open_document(filename)
           ~~~~~~~~~~~~~~~~~~~~~~~^^^^^^^^^^
pymupdf.mupdf.FzErrorFormat: code=7: no objects found

The above exception was the direct cause of the following exception:

Traceback (most recent call last):
  File "C:\Users\HP\OneDrive\Desktop\.vscode\gen ai\backend\app\services\job_worker.py", line 57, in process_job
    await indexing_pipeline.run(
    ...<3 lines>...
    )
  File "C:\Users\HP\OneDrive\Desktop\.vscode\gen ai\backend\app\services\indexing_pipeline.py", line 56, in run
    t_valid, t_pages, has_ocr = await asyncio.to_thread(do_parsing)
                                ^^^^^^^^^^^^^^^^^^^^^^^^^^^^^^^^^^^
  File "C:\Python314\Lib\asyncio\threads.py", line 26, in to_thread
    return await loop.run_in_executor(None, func_call)
           ^^^^^^^^^^^^^^^^^^^^^^^^^^^^^^^^^^^^^^^^^^^
  File "C:\Python314\Lib\concurrent\futures\thread.py", line 86, in run
    result = ctx.run(self.task)
  File "C:\Python314\Lib\concurrent\futures\thread.py", line 73, in run
    return fn(*args, **kwargs)
  File "C:\Users\HP\OneDrive\Desktop\.vscode\gen ai\backend\app\services\indexing_pipeline.py", line 46, in do_parsing
    for page_data, page_chunks in gen:
                                  ^^^
  File "C:\Users\HP\OneDrive\Desktop\.vscode\gen ai\backend\app\services\pdf_parser.py", line 150, in parse_pdf_generator
    raise e
  File "C:\Users\HP\OneDrive\Desktop\.vscode\gen ai\backend\app\services\pdf_parser.py", line 19, in parse_pdf_generator
    doc = fitz.open(file_path)
  File "C:\Users\HP\AppData\Roaming\Python\Python314\site-packages\pymupdf\__init__.py", line 3012, in __init__
    raise FileDataError(f'Failed to open file {filename!r}.') from e
pymupdf.FileDataError: Failed to open file 'C:\\Users\\HP\\AppData\\Local\\Temp\\pytest-of-HP\\pytest-36\\dummy_pdfs0\\corrupt.pdf'.
_____________________ test_embedding_failure_zero_vectors _____________________
scripts\test_auth_ingestion.py:210: in test_embedding_failure_zero_vectors
    assert any(JobStatus.failed in p.values() for p in params)
E   assert False
E    +  where False = any(<generator object test_embedding_failure_zero_vectors.<locals>.<genexpr> at 0x0000029114B052A0>)
------------------------------ Captured log call ------------------------------
WARNING  researchos.ocr_service:ocr_service.py:36 Empty evaluation bound triggered natively resolving constraints globally!
_________________________ test_ocr_and_qdrant_failure _________________________
scripts\test_auth_ingestion.py:236: in test_ocr_and_qdrant_failure
    assert any("Qdrant Timeout" in str(v) for p in params for v in p.values())
E   assert False
E    +  where False = any(<generator object test_ocr_and_qdrant_failure.<locals>.<genexpr> at 0x000002911506FE20>)
------------------------------ Captured log call ------------------------------
WARNING  researchos.indexing_pipeline:indexing_pipeline.py:64 Warning: Absolute absence of valid OCR structures found inside PDF target 'C:\Users\HP\AppData\Local\Temp\pytest-of-HP\pytest-36\dummy_pdfs0\scanned.pdf'.
============================== warnings summary ===============================
..\..\..\..\..\AppData\Roaming\Python\Python314\site-packages\fastapi\testclient.py:1
  C:\Users\HP\AppData\Roaming\Python\Python314\site-packages\fastapi\testclient.py:1: StarletteDeprecationWarning: Using `httpx` with `starlette.testclient` is deprecated; install `httpx2` instead.
    from starlette.testclient import TestClient as TestClient  # noqa

app\schemas\project.py:14
  C:\Users\HP\OneDrive\Desktop\.vscode\gen ai\backend\app\schemas\project.py:14: PydanticDeprecatedSince20: Support for class-based `config` is deprecated, use ConfigDict instead. Deprecated in Pydantic V2.0 to be removed in V3.0. See Pydantic V2 Migration Guide at https://errors.pydantic.dev/2.13/migration/
    class ProjectResponse(BaseModel):

app\schemas\project.py:25
  C:\Users\HP\OneDrive\Desktop\.vscode\gen ai\backend\app\schemas\project.py:25: PydanticDeprecatedSince20: Support for class-based `config` is deprecated, use ConfigDict instead. Deprecated in Pydantic V2.0 to be removed in V3.0. See Pydantic V2 Migration Guide at https://errors.pydantic.dev/2.13/migration/
    class ProjectMetricsResponse(BaseModel):

app\schemas\pdf.py:6
  C:\Users\HP\OneDrive\Desktop\.vscode\gen ai\backend\app\schemas\pdf.py:6: PydanticDeprecatedSince20: Support for class-based `config` is deprecated, use ConfigDict instead. Deprecated in Pydantic V2.0 to be removed in V3.0. See Pydantic V2 Migration Guide at https://errors.pydantic.dev/2.13/migration/
    class PDFResponse(BaseModel):

app\schemas\chat.py:11
  C:\Users\HP\OneDrive\Desktop\.vscode\gen ai\backend\app\schemas\chat.py:11: PydanticDeprecatedSince20: Support for class-based `config` is deprecated, use ConfigDict instead. Deprecated in Pydantic V2.0 to be removed in V3.0. See Pydantic V2 Migration Guide at https://errors.pydantic.dev/2.13/migration/
    class ChatMessageResponse(BaseModel):

app\schemas\chat.py:29
  C:\Users\HP\OneDrive\Desktop\.vscode\gen ai\backend\app\schemas\chat.py:29: PydanticDeprecatedSince20: Support for class-based `config` is deprecated, use ConfigDict instead. Deprecated in Pydantic V2.0 to be removed in V3.0. See Pydantic V2 Migration Guide at https://errors.pydantic.dev/2.13/migration/
    class ChatSessionResponse(BaseModel):

..\..\..\..\..\AppData\Roaming\Python\Python314\site-packages\google\genai\types.py:42
  C:\Users\HP\AppData\Roaming\Python\Python314\site-packages\google\genai\types.py:42: DeprecationWarning: '_UnionGenericAlias' is deprecated and slated for removal in Python 3.17
    VersionedUnionType = Union[builtin_types.UnionType, _UnionGenericAlias]

..\..\..\..\..\AppData\Roaming\Python\Python314\site-packages\qdrant_client\qdrant_remote.py:290
  C:\Users\HP\AppData\Roaming\Python\Python314\site-packages\qdrant_client\qdrant_remote.py:290: UserWarning: Failed to obtain server version. Unable to check client-server compatibility. Set check_compatibility=False to skip version check.
    show_warning(

app\routers\jobs.py:19
  C:\Users\HP\OneDrive\Desktop\.vscode\gen ai\backend\app\routers\jobs.py:19: PydanticDeprecatedSince20: Support for class-based `config` is deprecated, use ConfigDict instead. Deprecated in Pydantic V2.0 to be removed in V3.0. See Pydantic V2 Migration Guide at https://errors.pydantic.dev/2.13/migration/
    class JobStatusResponse(BaseModel):

-- Docs: https://docs.pytest.org/en/stable/how-to/capture-warnings.html
=========================== short test summary info ===========================
FAILED scripts/test_auth_ingestion.py::test_corrupt_pdf - assert False
FAILED scripts/test_auth_ingestion.py::test_embedding_failure_zero_vectors - ...
FAILED scripts/test_auth_ingestion.py::test_ocr_and_qdrant_failure - assert F...
================== 3 failed, 7 passed, 9 warnings in 34.93s ===================
